aller 1
branches 1
ce 1
dit 1
ecouter 1
faner 1
je 1
laisserai 1
les 2
ne 1
pas 1
pervenches 1
qu'on 1
sans 1
se 1
sous 1
