abonde 1
aller 1
au 1
avril 1
branches 1
car 1
ce 1
chanteur 1
conversation 1
convive 1
dans 1
de 3
des 2
dieu 1
dit 1
donne 1
dore 1
du 1
ecouter 1
est 2
et 3
faner 1
fete 1
feuilles 1
fuirai 1
guetter 1
il 1
infinis 1
je 4
la 3
laisserai 1
l'ame 1
l'amour 1
le 1
les 4
mai 1
me 1
m'envolerai 1
ne 1
n'est 1
nids 1
ou 1
parmi 1
pas 1
pervenches 1
pinson 1
plein 1
pluvier 1
poete 1
prophete 1
que 1
qu'on 1
qu'un 1
rameaux 1
ravins 1
roses 1
sans 2
se 1
son 1
sous 1
supposerai 1
une 1
vagabonde 1
ville 1
