-- 3
a 6
about 1
above 2
against 1
air 1
airstrip 1
all 2
always 2
and 10
any 4
as 4
assumption 1
at 2
away 2
babbling 1
back 3
background 1
baulks 1
be 3
became 1
been 1
behind 1
being 1
bombed 1
bombs 1
bright-lit 1
but 2
by 1
can 1
cardboard 1
chicken-houses 1
chief 1
childhood 2
city 1
cleared 1
colonies 1
commanded 1
conceivable 1
corrugated 1
could 3
course 1
crazy 1
darkness 1
did 1
directions 1
distaste 1
dust 1
dwellings 1
even 2
every 2
everybody 1
except 2
field 1
from 2
garden 1
given 1
grimy 1
guesswork 1
habit 1
had 4
he 6
heaps 1
heard 1
him 1
his 3
houses 1
how 1
in 6
individual 1
instinct 1
iron 1
it 4
itself 1
kept 1
kilometre 1
knew 1
knowing 1
landscape 1
larger 1
level 1
like 2
live 2
london 2
long 1
low 1
made 2
memory 1
metal 1
ministry 1
moment 1
moreover 1
most 1
mostly 1
movement 1
nineteenth-century 1
ninth 1
no 3
not 1
nothing 1
occurring 1
oceania 1
of 17
often 1
on 2
one 1
or 1
out 1
over 1
overfulfilment 1
overheard 1
patch 1
patched 1
picked 1
pig-iron 1
place 1
places 1
plan 1
plaque 1
plaster 1
plug 1
plugged 1
police 1
populous 1
provinces 1
quite 1
rate 1
received 1
remained 2
remember 1
revealing 1
roofs 1
rotting 1
rubble; 1
safer 1
sagging 1
scrutinized 1
seen 1
series 1
shored 1
should 1
sides 1
simultaneously 1
sites 1
so 1
some 1
sordid 1
sort 1
sound 2
sprung 1
squeeze 1
still 1
straggled 1
swirled 1
system 1
tableaux 1
telescreen 3
tell 1
that 5
the 23
their 4
there 3
these 1
they 3
third 1
this 3
though 1
thought 2
three-year 1
timber 1
time 1
to 4
towered 1
transmitted 1
tried 1
truth 1
turned 1
unintelligible 1
up 3
use 1
vague 1
vast 1
very 1
vision 1
vistas 1
voice 1
walls 1
wanted 1
was 8
watched 2
way 1
well 2
were 2
what 1
whenever 1
where 2
whether 2
which 1
whisper 1
white 1
willow-herb 1
windows 1
winston 2
winston's 1
wire 2
with 4
within 1
wooden 1
work 1
would 1
you 3
your 1
