a 2
and 1
at 1
autumn's 1
brown 6
chill 1
crisp 1
dog 5
embrace 1
exposed 1
finally 1
fox 5
golden 1
had 1
in 1
jumps 5
lazy 5
leaves 1
nipped 1
of 1
orange 1
over 5
painting 1
quick 5
reminder 1
rustling 1
scene 1
secrets 1
shades 1
skin 1
summer's 1
surrendered 1
that 1
the 12
through 1
to 1
vibrant 1
warmth 1
whispered 1
wind 1
