- 1
a 15
accidentally 1
after 1
again 1
against 1
air 2
already 1
and 13
ape-like 1
are 2
area 1
as 1
attacked 1
battle 1
be 2
beach 1
been 2
befriends 1
begins 2
below 1
black 1
bloated 1
blob 1
but 4
by 2
call 1
called 1
calls 1
camphor 1
can 1
cannot 1
catch 1
chase 1
confidently 1
courage 1
crabs 1
creatures 2
day 1
decides 2
defense 1
die 1
dimension 1
dinner 1
disappear 1
discuss 1
disheveled 1
distant 1
dot 1
down 3
drowning 1
eat 1
eclipse 1
eloi 3
enough 1
ensues 1
exhausted 2
explores 1
finally 2
find 3
finds 4
finished 1
fire 2
fourth 1
frail 1
frightened 1
from 3
fruit 1
future 3
giant 2
give 1
glimpses 1
go 1
goes 1
gone 1
good 1
green 1
ground 1
group 1
guests 1
had 1
has 2
have 1
he 24
her 1
him 5
himself 1
his 5
host 1
humanoid 1
hunting 1
in 7
including 1
inside 1
into 5
is 8
it 5
just 1
killed 1
landscape 1
leaves 1
lever 1
life 1
listening 1
live 1
looking 1
machine 7
makes 2
many 1
matches 2
meanwhile 1
men 1
million 1
miniature 1
more 2
morlocks' 1
morlocks 8
motionless 1
museum 1
name 1
narrator 1
nearby 1
never 1
next 2
night 2
nocturnal 1
of 9
on 2
one 1
only 1
onto 1
open 2
out 2
palace 1
paradisiacal 1
peaceful 1
pedestal 2
place 1
planet 1
porcelain 1
present 1
pried 1
produces 1
pry 1
put 1
realm 1
red 1
retreating 1
retrieve 1
return 1
returns 4
rocketed 1
safe 1
saves 1
sees 1
several 1
she 1
sign 1
sit 1
sits 1
sky 1
small 1
some 1
springs 1
starts 1
statue 1
stops 3
story 1
strange 1
strides 1
stumble 1
sun 2
takes 1
tentacles 1
that 10
the 42
their 2
then 2
theory 1
there 1
they 5
thin 2
think 1
thirty 1
through 1
time 15
tired 1
to 15
trapped 1
traveller 7
travels 1
tries 1
try 2
turns 1
ultimately 1
up 1
use 1
very 1
weapon 1
week 1
weena 3
wells 1
what 1
when 3
where 2
which 1
white 1
whizzes 1
will 1
with 1
wood 1
work 1
works 1
world 2
years 1
